// Jest Snapshot v1, https://goo.gl/fbAQLP

exports[`Sign Up renders Sign Up 1`] = `
<div>
  <div
    class="sc-dlfnbm iuHaXN"
  >
    <div
      class="MuiInputBase-root MuiInput-root MuiInput-underline"
    >
      <select
        class="MuiSelect-root MuiSelect-select MuiInputBase-input MuiInput-input"
        id="age-native-simple"
        name="age"
      >
        <option
          value="Manager"
        >
          Manager
        </option>
        <option
          value="Admin"
        >
          Admin
        </option>
      </select>
      <svg
        aria-hidden="true"
        class="MuiSvgIcon-root MuiSelect-icon"
        focusable="false"
        viewBox="0 0 24 24"
      >
        <path
          d="M7 10l5 5 5-5z"
        />
      </svg>
    </div>
    <div
      class="MuiFormControl-root MuiTextField-root sc-gsTCUz eHbxyQ"
    >
      <div
        class="MuiInputBase-root MuiInput-root MuiInput-underline MuiInputBase-formControl MuiInput-formControl"
      >
        <input
          aria-invalid="false"
          class="MuiInputBase-input MuiInput-input"
          id="standard-basic"
          placeholder="Email"
          type="text"
          value=""
        />
      </div>
    </div>
    <div
      class="MuiFormControl-root MuiTextField-root sc-gsTCUz eHbxyQ"
    >
      <div
        class="MuiInputBase-root MuiInput-root MuiInput-underline MuiInputBase-formControl MuiInput-formControl"
      >
        <input
          aria-invalid="false"
          class="MuiInputBase-input MuiInput-input"
          id="standard-basic"
          placeholder="Password"
          type="password"
          value=""
        />
      </div>
    </div>
    <div
      class="MuiFormControl-root MuiTextField-root sc-gsTCUz eHbxyQ"
    >
      <div
        class="MuiInputBase-root MuiInput-root MuiInput-underline MuiInputBase-formControl MuiInput-formControl"
      >
        <input
          aria-invalid="false"
          class="MuiInputBase-input MuiInput-input"
          id="standard-basic"
          placeholder="Confirm Password"
          type="password"
          value=""
        />
      </div>
    </div>
    <button
      class="MuiButtonBase-root MuiButton-root MuiButton-contained sc-bdfBwQ lfqaYk MuiButton-containedPrimary"
      tabindex="0"
      type="button"
    >
      <span
        class="MuiButton-label"
      >
        Sign Up
      </span>
      <span
        class="MuiTouchRipple-root"
      />
    </button>
    <button
      class="MuiButtonBase-root MuiButton-root MuiButton-text sc-bdfBwQ lfqaYk MuiButton-textPrimary"
      tabindex="0"
      type="button"
    >
      <span
        class="MuiButton-label"
      >
        Login
      </span>
      <span
        class="MuiTouchRipple-root"
      />
    </button>
  </div>
  <div
    style="position: fixed; z-index: 9999;"
  />
</div>
`;
